###############################################################################
#
# IAR C/C++ Compiler V10.10.1.4655 for 8051               20/Nov/2021  20:16:41
# Copyright 2004-2017 IAR Systems AB.
# Standalone license - IAR Embedded Workbench for 8051
#
#    Core               =  plain
#    Code model         =  banked
#    Data model         =  large
#    Calling convention =  xdata reentrant
#    Constant location  =  data_rom
#    Dptr setup         =  1,16
#                          
#    Source file        =  
#        D:\Z-Stack Home
#        1.2.2a.44539\Projects\zstack\HomeAutomation\ZigUP\Source\uart.c
#    Command line       =  
#        -f C:\Users\tatbo\AppData\Local\Temp\EWBE4E.tmp ("D:\Z-Stack Home
#        1.2.2a.44539\Projects\zstack\HomeAutomation\ZigUP\Source\uart.c" -D
#        SECURE=1 -D HAL_KEY=FALSE -D HAL_LED=FALSE -D HAL_LCD=FALSE -D
#        HAL_UART=FALSE -D TC_LINKKEY_JOIN -D NV_INIT -D NV_RESTORE -D
#        xHOLD_AUTO_START -D ZTOOL_P1 -D MT_TASK -D MT_APP_FUNC -D MT_SYS_FUNC
#        -D MT_ZDO_FUNC -D LCD_SUPPORTED=FALSE -D MULTICAST_ENABLED=FALSE -D
#        ZCL_READ -D ZCL_WRITE -D ZCL_REPORT -D xZCL_EZMODE -D ZCL_BASIC -D
#        ZCL_IDENTIFY -D ZCL_ON_OFF -D ZCL_SCENES -D ZCL_GROUPS -D
#        xZCL_LEVEL_CTRL -D ZCL_DIAGNOSTIC -D FEATURE_SYSTEM_STATS -D
#        ZCL_DOORLOCK -lC "D:\Z-Stack Home
#        1.2.2a.44539\Projects\zstack\HomeAutomation\ZigUP\CC2530DB\EndDeviceEB\List"
#        -lA "D:\Z-Stack Home
#        1.2.2a.44539\Projects\zstack\HomeAutomation\ZigUP\CC2530DB\EndDeviceEB\List"
#        --diag_suppress Pe001,Pa010 -o "D:\Z-Stack Home
#        1.2.2a.44539\Projects\zstack\HomeAutomation\ZigUP\CC2530DB\EndDeviceEB\Obj"
#        -e --debug --core=plain --dptr=16,1 --data_model=large
#        --code_model=banked --calling_convention=xdata_reentrant
#        --place_constants=data_rom --nr_virtual_regs 16 -f "D:\Z-Stack Home
#        1.2.2a.44539\Projects\zstack\HomeAutomation\ZigUP\CC2530DB\..\..\..\Tools\CC2530DB\f8wEndev.cfg"
#        (-DCPU32MHZ -DROOT=__near_func -DMAC_CFG_TX_DATA_MAX=3
#        -DMAC_CFG_TX_MAX=6 -DMAC_CFG_RX_MAX=3) -f "D:\Z-Stack Home
#        1.2.2a.44539\Projects\zstack\HomeAutomation\ZigUP\CC2530DB\..\..\..\Tools\CC2530DB\f8wConfig.cfg"
#        (-DZIGBEEPRO -DSECURE=1 -DZG_SECURE_DYNAMIC=0 -DREFLECTOR
#        -DDEFAULT_CHANLIST=0x00000800 -DZDAPP_CONFIG_PAN_ID=0xFFFF
#        -DNWK_START_DELAY=100 -DEXTENDED_JOINING_RANDOM_MASK=0x007F
#        -DBEACON_REQUEST_DELAY=100 -DBEACON_REQ_DELAY_MASK=0x00FF
#        -DLINK_STATUS_JITTER_MASK=0x007F -DROUTE_EXPIRY_TIME=30
#        -DAPSC_ACK_WAIT_DURATION_POLLED=3000 -DNWK_INDIRECT_MSG_TIMEOUT=7
#        -DMAX_RREQ_ENTRIES=8 -DAPSC_MAX_FRAME_RETRIES=3
#        -DNWK_MAX_DATA_RETRIES=2 -DMAX_POLL_FAILURE_RETRIES=2 -DMAX_BCAST=9
#        -DAPS_MAX_GROUPS=16 -DMAX_RTG_ENTRIES=40 -DNWK_MAX_BINDING_ENTRIES=4
#        -DMAX_BINDING_CLUSTER_IDS=4 "-DDEFAULT_KEY={0x01, 0x03, 0x05, 0x07,
#        0x09, 0x0B, 0x0D, 0x0F, 0x00, 0x02, 0x04, 0x06, 0x08, 0x0A, 0x0C,
#        0x0D}" -DMAC_MAX_FRAME_SIZE=116 -DZDNWKMGR_MIN_TRANSMISSIONS=20
#        "-DCONST=const __code" -DGENERIC=__generic -DRFD_RCVC_ALWAYS_ON=FALSE
#        -DPOLL_RATE=1000 -DQUEUED_POLL_RATE=100 -DRESPONSE_POLL_RATE=100
#        -DREJOIN_POLL_RATE=440 -DREJOIN_BACKOFF=900000 -DREJOIN_SCAN=900000)
#        -f "D:\Z-Stack Home
#        1.2.2a.44539\Projects\zstack\HomeAutomation\ZigUP\CC2530DB\..\..\..\Tools\CC2530DB\f8wZCL.cfg"
#        -I "D:\Z-Stack Home
#        1.2.2a.44539\Projects\zstack\HomeAutomation\ZigUP\CC2530DB\" -I
#        "D:\Z-Stack Home
#        1.2.2a.44539\Projects\zstack\HomeAutomation\ZigUP\CC2530DB\..\Source\"
#        -I "D:\Z-Stack Home
#        1.2.2a.44539\Projects\zstack\HomeAutomation\ZigUP\CC2530DB\..\..\Source\"
#        -I "D:\Z-Stack Home
#        1.2.2a.44539\Projects\zstack\HomeAutomation\ZigUP\CC2530DB\..\..\..\ZMain\TI2530DB\"
#        -I "D:\Z-Stack Home
#        1.2.2a.44539\Projects\zstack\HomeAutomation\ZigUP\CC2530DB\..\..\..\..\..\Components\hal\include\"
#        -I "D:\Z-Stack Home
#        1.2.2a.44539\Projects\zstack\HomeAutomation\ZigUP\CC2530DB\..\..\..\..\..\Components\hal\target\CC2530EB\"
#        -I "D:\Z-Stack Home
#        1.2.2a.44539\Projects\zstack\HomeAutomation\ZigUP\CC2530DB\..\..\..\..\..\Components\mac\include\"
#        -I "D:\Z-Stack Home
#        1.2.2a.44539\Projects\zstack\HomeAutomation\ZigUP\CC2530DB\..\..\..\..\..\Components\mac\high_level\"
#        -I "D:\Z-Stack Home
#        1.2.2a.44539\Projects\zstack\HomeAutomation\ZigUP\CC2530DB\..\..\..\..\..\Components\mac\low_level\srf04\"
#        -I "D:\Z-Stack Home
#        1.2.2a.44539\Projects\zstack\HomeAutomation\ZigUP\CC2530DB\..\..\..\..\..\Components\mac\low_level\srf04\single_chip\"
#        -I "D:\Z-Stack Home
#        1.2.2a.44539\Projects\zstack\HomeAutomation\ZigUP\CC2530DB\..\..\..\..\..\Components\mt\"
#        -I "D:\Z-Stack Home
#        1.2.2a.44539\Projects\zstack\HomeAutomation\ZigUP\CC2530DB\..\..\..\..\..\Components\osal\include\"
#        -I "D:\Z-Stack Home
#        1.2.2a.44539\Projects\zstack\HomeAutomation\ZigUP\CC2530DB\..\..\..\..\..\Components\services\saddr\"
#        -I "D:\Z-Stack Home
#        1.2.2a.44539\Projects\zstack\HomeAutomation\ZigUP\CC2530DB\..\..\..\..\..\Components\services\sdata\"
#        -I "D:\Z-Stack Home
#        1.2.2a.44539\Projects\zstack\HomeAutomation\ZigUP\CC2530DB\..\..\..\..\..\Components\stack\af\"
#        -I "D:\Z-Stack Home
#        1.2.2a.44539\Projects\zstack\HomeAutomation\ZigUP\CC2530DB\..\..\..\..\..\Components\stack\nwk\"
#        -I "D:\Z-Stack Home
#        1.2.2a.44539\Projects\zstack\HomeAutomation\ZigUP\CC2530DB\..\..\..\..\..\Components\stack\sapi\"
#        -I "D:\Z-Stack Home
#        1.2.2a.44539\Projects\zstack\HomeAutomation\ZigUP\CC2530DB\..\..\..\..\..\Components\stack\sec\"
#        -I "D:\Z-Stack Home
#        1.2.2a.44539\Projects\zstack\HomeAutomation\ZigUP\CC2530DB\..\..\..\..\..\Components\stack\sys\"
#        -I "D:\Z-Stack Home
#        1.2.2a.44539\Projects\zstack\HomeAutomation\ZigUP\CC2530DB\..\..\..\..\..\Components\stack\zcl\"
#        -I "D:\Z-Stack Home
#        1.2.2a.44539\Projects\zstack\HomeAutomation\ZigUP\CC2530DB\..\..\..\..\..\Components\stack\zdo\"
#        -I "D:\Z-Stack Home
#        1.2.2a.44539\Projects\zstack\HomeAutomation\ZigUP\CC2530DB\..\..\..\..\..\Components\zmac\"
#        -I "D:\Z-Stack Home
#        1.2.2a.44539\Projects\zstack\HomeAutomation\ZigUP\CC2530DB\..\..\..\..\..\Components\zmac\f8w\"
#        -Ohz --require_prototypes)
#    Locale             =  Chinese (Simplified)_China.936
#    List file          =  
#        D:\Z-Stack Home
#        1.2.2a.44539\Projects\zstack\HomeAutomation\ZigUP\CC2530DB\EndDeviceEB\List\uart.lst
#    Object file        =  
#        D:\Z-Stack Home
#        1.2.2a.44539\Projects\zstack\HomeAutomation\ZigUP\CC2530DB\EndDeviceEB\Obj\uart.r51
#
###############################################################################

D:\Z-Stack Home 1.2.2a.44539\Projects\zstack\HomeAutomation\ZigUP\Source\uart.c
      1          #include "ZComDef.h"
      2          #include "onboard.h"

   \                                 In  segment SFR_AN, at 0x86
   \   unsigned char volatile __sfr U0CSR
   \                     U0CSR:
   \   000000                DS 1

   \                                 In  segment SFR_AN, at 0xc1
   \   unsigned char volatile __sfr U0DBUF
   \                     U0DBUF:
   \   000000                DS 1

   \                                 In  segment SFR_AN, at 0xc2
   \   unsigned char volatile __sfr U0BAUD
   \                     U0BAUD:
   \   000000                DS 1

   \                                 In  segment SFR_AN, at 0xc5
   \   unsigned char volatile __sfr U0GCR
   \                     U0GCR:
   \   000000                DS 1
      3          #include "uart.h"
      4          

   \                                 In  segment BANKED_CODE, align 1, keep-with-next
      5          void UART_Init(void)
   \                     UART_Init:
      6          {
   \   000000                ; Saved register size: 0
   \   000000                ; Auto size: 0
      7            U0CSR |= (1<<7);	// Mode = UART, Receiver disabled
   \   000000   438680       ORL       0x86,#0x80
      8            // U0UCR defaults ok (8,N,1)
      9            
     10            U0GCR = 11;	// 115200 Baud
   \   000003   75C50B       MOV       0xc5,#0xb
     11            U0BAUD = 216;	// 115200 Baud
   \   000006   75C2D8       MOV       0xc2,#-0x28
     12          }
   \   000009   02....       LJMP      ?BRET
   \   00000C                REQUIRE U0CSR
   \   00000C                REQUIRE U0GCR
   \   00000C                REQUIRE U0BAUD
     13          

   \                                 In  segment BANKED_CODE, align 1, keep-with-next
     14          void UART_Transmit(char data)
   \                     UART_Transmit:
     15          {
   \   000000                ; Saved register size: 0
   \   000000                ; Auto size: 0
     16            U0DBUF = data;
   \   000000   89C1         MOV       0xc1,R1
     17            while (U0CSR & (1<<0)); // wait until byte has been sent
   \                     ??UART_Transmit_0:
   \   000002   E586         MOV       A,0x86
   \   000004   A2E0         MOV       C,0xE0 /* A   */.0
   \   000006   40FA         JC        ??UART_Transmit_0
     18          }
   \   000008   02....       LJMP      ?BRET
   \   00000B                REQUIRE U0DBUF
   \   00000B                REQUIRE U0CSR
     19          

   \                                 In  segment BANKED_CODE, align 1, keep-with-next
     20          void UART_String(const char *s)
   \                     UART_String:
     21          {
   \   000000   74F7         MOV       A,#-0x9
   \   000002   12....       LCALL     ?BANKED_ENTER_XDATA
   \   000005                ; Saved register size: 9
   \   000005                ; Auto size: 0
   \   000005   EA           MOV       A,R2
   \   000006   FE           MOV       R6,A
   \   000007   EB           MOV       A,R3
   \   000008   FF           MOV       R7,A
   \   000009   800C         SJMP      ??UART_String_0
     22            while (*s)
     23            {
     24              UART_Transmit(*s++);
   \                     ??UART_String_1:
   \   00000B                ; Setup parameters for call to function UART_Transmit
   \   00000B   12....       LCALL     `??UART_Transmit::?relay`; Banked call to: UART_Transmit
   \   00000E   8E82         MOV       DPL,R6
   \   000010   8F83         MOV       DPH,R7
   \   000012   A3           INC       DPTR
   \   000013   AE82         MOV       R6,DPL
   \   000015   AF83         MOV       R7,DPH
     25            }
   \                     ??UART_String_0:
   \   000017   8E82         MOV       DPL,R6
   \   000019   8F83         MOV       DPH,R7
   \   00001B   E0           MOVX      A,@DPTR
   \   00001C   F9           MOV       R1,A
   \   00001D   70EC         JNZ       ??UART_String_1
     26            UART_Transmit('\r');
   \   00001F                ; Setup parameters for call to function UART_Transmit
   \   00001F   790D         MOV       R1,#0xd
   \   000021   12....       LCALL     `??UART_Transmit::?relay`; Banked call to: UART_Transmit
     27            UART_Transmit('\n');
   \   000024                ; Setup parameters for call to function UART_Transmit
   \   000024   790A         MOV       R1,#0xa
   \   000026   12....       LCALL     `??UART_Transmit::?relay`; Banked call to: UART_Transmit
     28          }
   \   000029   7F01         MOV       R7,#0x1
   \   00002B   02....       LJMP      ?BANKED_LEAVE_XDATA

   \                                 In  segment BANK_RELAYS, align 1
   \                     `??UART_Init::?relay`:
   \   000000   12....       LCALL   ?BDISPATCH
   \   000003   ......       DC24    UART_Init

   \                                 In  segment BANK_RELAYS, align 1
   \                     `??UART_Transmit::?relay`:
   \   000000   12....       LCALL   ?BDISPATCH
   \   000003   ......       DC24    UART_Transmit

   \                                 In  segment BANK_RELAYS, align 1
   \                     `??UART_String::?relay`:
   \   000000   12....       LCALL   ?BDISPATCH
   \   000003   ......       DC24    UART_String

   Maximum stack usage in bytes:

   XSTACK Function
   ------ --------
      0   UART_Init
      9   UART_String
        9   -> UART_Transmit
      9   UART_Transmit


   Segment part sizes:

   Bytes  Function/Label
   -----  --------------
       1  U0BAUD
       1  U0CSR
       1  U0DBUF
       1  U0GCR
      12  UART_Init
       6  UART_Init::?relay
      46  UART_String
       6  UART_String::?relay
      11  UART_Transmit
       6  UART_Transmit::?relay

 
 69 bytes in segment BANKED_CODE
 18 bytes in segment BANK_RELAYS
  4 bytes in segment SFR_AN
 
 18 bytes of CODE     memory
  0 bytes of DATA     memory (+ 4 bytes shared)
 69 bytes of HUGECODE memory

Errors: none
Warnings: none
